******************************************************************************
            TI ARM Clang Linker Unix v3.2.1                    
******************************************************************************
>> Linked Mon Aug 19 23:29:24 2024

OUTPUT FILE NAME:   <Lab1.out>
ENTRY POINT SYMBOL: "_c_int00_noinit_noargs"  address: 00000079


MEMORY CONFIGURATION

         name            origin    length      used     unused   attr    fill
----------------------  --------  ---------  --------  --------  ----  --------
  RAM                   00000020   ffffffe0  0000088c  fffff754  RWIX


SEGMENT ALLOCATION MAP

run origin  load origin   length   init length attrs members
----------  ----------- ---------- ----------- ----- -------
00000020    00000020    0000008c   0000008c    r-x
  00000020    00000020    0000008c   0000008c    r-x .text
000000b0    000000b0    00000800   00000000    rw-
  000000b0    000000b0    00000800   00000000    rw- .stack


SECTION ALLOCATION MAP

 output                                  attributes/
section   page    origin      length       input sections
--------  ----  ----------  ----------   ----------------
.text      0    00000020    0000008c     
                  00000020    00000058     main.o (.text.main)
                  00000078    0000002c     libc.a : boot_cortex_m.c.obj (.text:_c_int00_noinit_noargs)
                  000000a4    00000004            : pre_init.c.obj (.text._system_pre_init)
                  000000a8    00000004            : exit.c.obj (.text:abort)

.cinit     0    00000020    00000000     

.init_array 
*          0    00000020    00000000     UNINITIALIZED

__llvm_prf_cnts 
*          0    00000020    00000000     UNINITIALIZED

__llvm_prf_bits 
*          0    00000020    00000000     UNINITIALIZED

.stack     0    000000b0    00000800     UNINITIALIZED
                  000000b0    00000004     libc.a : boot_cortex_m.c.obj (.stack)
                  000000b4    000007fc     --HOLE--

MODULE SUMMARY

       Module                code   ro data   rw data
       ------                ----   -------   -------
    ./
       main.o                88     0         0      
    +--+---------------------+------+---------+---------+
       Total:                88     0         0      
                                                     
    /Applications/ti/ccs1271/ccs/tools/compiler/ti-cgt-armllvm_3.2.1.LTS/lib/armv7em-ti-none-eabihf/c/libc.a
       boot_cortex_m.c.obj   44     0         0      
       exit.c.obj            4      0         0      
       pre_init.c.obj        4      0         0      
    +--+---------------------+------+---------+---------+
       Total:                52     0         0      
                                                     
       Stack:                0      0         2048   
    +--+---------------------+------+---------+---------+
       Grand Total:          140    0         2048   


GLOBAL SYMBOLS: SORTED ALPHABETICALLY BY Name 

address   name                    
-------   ----                    
000000a8  C$$EXIT                 
000008b0  __STACK_END             
00000800  __STACK_SIZE            
00000000  __TI_ATRegion0_region_sz
00000000  __TI_ATRegion0_src_addr 
00000000  __TI_ATRegion0_trg_addr 
00000000  __TI_ATRegion1_region_sz
00000000  __TI_ATRegion1_src_addr 
00000000  __TI_ATRegion1_trg_addr 
00000000  __TI_ATRegion2_region_sz
00000000  __TI_ATRegion2_src_addr 
00000000  __TI_ATRegion2_trg_addr 
00000020  __TI_CINIT_Base         
00000020  __TI_CINIT_Limit        
00000020  __TI_CINIT_Warm         
ffffffff  __TI_pprof_out_hndl     
ffffffff  __TI_prof_data_size     
ffffffff  __TI_prof_data_start    
00000020  __TI_static_base__      
ffffffff  __binit__               
UNDEFED   __mpu_init              
000000b0  __stack                 
00000020  __start___llvm_prf_bits 
00000020  __start___llvm_prf_cnts 
00000020  __stop___llvm_prf_bits  
00000020  __stop___llvm_prf_cnts  
00000079  _c_int00_noinit_noargs  
000000a5  _system_pre_init        
000000a9  abort                   
ffffffff  binit                   
00000021  main                    


GLOBAL SYMBOLS: SORTED BY Symbol Address 

address   name                    
-------   ----                    
00000000  __TI_ATRegion0_region_sz
00000000  __TI_ATRegion0_src_addr 
00000000  __TI_ATRegion0_trg_addr 
00000000  __TI_ATRegion1_region_sz
00000000  __TI_ATRegion1_src_addr 
00000000  __TI_ATRegion1_trg_addr 
00000000  __TI_ATRegion2_region_sz
00000000  __TI_ATRegion2_src_addr 
00000000  __TI_ATRegion2_trg_addr 
00000020  __TI_CINIT_Base         
00000020  __TI_CINIT_Limit        
00000020  __TI_CINIT_Warm         
00000020  __TI_static_base__      
00000020  __start___llvm_prf_bits 
00000020  __start___llvm_prf_cnts 
00000020  __stop___llvm_prf_bits  
00000020  __stop___llvm_prf_cnts  
00000021  main                    
00000079  _c_int00_noinit_noargs  
000000a5  _system_pre_init        
000000a8  C$$EXIT                 
000000a9  abort                   
000000b0  __stack                 
00000800  __STACK_SIZE            
000008b0  __STACK_END             
ffffffff  __TI_pprof_out_hndl     
ffffffff  __TI_prof_data_size     
ffffffff  __TI_prof_data_start    
ffffffff  __binit__               
ffffffff  binit                   
UNDEFED   __mpu_init              

[31 symbols]
