******************************************************************************
                  TI ARM Linker Unix v20.2.7                   
******************************************************************************
>> Linked Fri Aug 23 21:24:00 2024

OUTPUT FILE NAME:   <Lab1_2.out>
ENTRY POINT SYMBOL: "_c_int00_noinit_noargs"  address: 000000dd


MEMORY CONFIGURATION

         name            origin    length      used     unused   attr    fill
----------------------  --------  ---------  --------  --------  ----  --------
  RAM                   00000020   ffffffe0  000002f0  fffffcf0  RWIX


SEGMENT ALLOCATION MAP

run origin  load origin   length   init length attrs members
----------  ----------- ---------- ----------- ----- -------
00000020    00000020    000000f0   000000f0    r-x
  00000020    00000020    000000f0   000000f0    r-x .text
00000110    00000110    00000200   00000000    rw-
  00000110    00000110    00000200   00000000    rw- .stack


SECTION ALLOCATION MAP

 output                                  attributes/
section   page    origin      length       input sections
--------  ----  ----------  ----------   ----------------
.text      0    00000020    000000f0     
                  00000020    000000bc     main.obj (.text)
                  000000dc    0000002c     rtsv7M4_T_le_v4SPD16_eabi.lib : boot_cortex_m.c.obj (.text:_c_int00_noinit_noargs:_c_int00_noinit_noargs)
                  00000108    00000004                                   : pre_init.c.obj (.text:_system_pre_init)
                  0000010c    00000004                                   : exit.c.obj (.text:abort:abort)

.init_array 
*          0    00000020    00000000     UNINITIALIZED

__llvm_prf_cnts 
*          0    00000020    00000000     UNINITIALIZED

.stack     0    00000110    00000200     UNINITIALIZED
                  00000110    00000004     rtsv7M4_T_le_v4SPD16_eabi.lib : boot_cortex_m.c.obj (.stack)
                  00000114    000001fc     --HOLE--

MODULE SUMMARY

       Module                code   ro data   rw data
       ------                ----   -------   -------
    ./
       main.obj              188    0         0      
    +--+---------------------+------+---------+---------+
       Total:                188    0         0      
                                                     
    /Applications/ti/ccs1271/ccs/tools/compiler/ti-cgt-arm_20.2.7.LTS/lib/rtsv7M4_T_le_v4SPD16_eabi.lib
       boot_cortex_m.c.obj   44     0         0      
       exit.c.obj            4      0         0      
       pre_init.c.obj        4      0         0      
    +--+---------------------+------+---------+---------+
       Total:                52     0         0      
                                                     
       Stack:                0      0         512    
    +--+---------------------+------+---------+---------+
       Grand Total:          240    0         512    


GLOBAL SYMBOLS: SORTED ALPHABETICALLY BY Name 

address   name                   
-------   ----                   
0000010d  C$$EXIT                
00000310  __STACK_END            
00000200  __STACK_SIZE           
ffffffff  __TI_pprof_out_hndl    
ffffffff  __TI_prof_data_size    
ffffffff  __TI_prof_data_start   
00000020  __TI_static_base__     
ffffffff  __binit__              
ffffffff  __c_args__             
UNDEFED   __mpu_init             
00000110  __stack                
00000020  __start___llvm_prf_cnts
00000020  __stop___llvm_prf_cnts 
000000dd  _c_int00_noinit_noargs 
00000109  _system_pre_init       
0000010d  abort                  
ffffffff  binit                  
00000021  main                   


GLOBAL SYMBOLS: SORTED BY Symbol Address 

address   name                   
-------   ----                   
00000020  __TI_static_base__     
00000020  __start___llvm_prf_cnts
00000020  __stop___llvm_prf_cnts 
00000021  main                   
000000dd  _c_int00_noinit_noargs 
00000109  _system_pre_init       
0000010d  C$$EXIT                
0000010d  abort                  
00000110  __stack                
00000200  __STACK_SIZE           
00000310  __STACK_END            
ffffffff  __TI_pprof_out_hndl    
ffffffff  __TI_prof_data_size    
ffffffff  __TI_prof_data_start   
ffffffff  __binit__              
ffffffff  __c_args__             
ffffffff  binit                  
UNDEFED   __mpu_init             

[18 symbols]
